Godot Engine v4.7.2.stable.official.ed1daf0bf - https://godotengine.org
WARNING: Could not set V-Sync mode, as changing V-Sync mode is not supported by the graphics driver.
     at: set_use_vsync (platform/linuxbsd/x11/gl_manager_x11.cpp:372)
OpenGL API 4.5 (Core Profile) Mesa 25.2.8-0ubuntu0.24.04.1 - Compatibility - Using Device: Mesa - llvmpipe (LLVM 20.1.2, 256 bits)
libpulse.so.0: cannot open shared object file: No such file or directory
libpulse.so.0: cannot open shared object file: No such file or directory
ALSA lib confmisc.c:855:(parse_card) cannot find card '0'
ALSA lib conf.c:5204:(_snd_config_evaluate) function snd_func_card_inum returned error: No such file or directory
ALSA lib confmisc.c:422:(snd_func_concat) error evaluating strings
ALSA lib conf.c:5204:(_snd_config_evaluate) function snd_func_concat returned error: No such file or directory
ALSA lib confmisc.c:1342:(snd_func_refer) error evaluating name
ALSA lib conf.c:5204:(_snd_config_evaluate) function snd_func_refer returned error: No such file or directory
ALSA lib conf.c:5727:(snd_config_expand) Evaluate error: No such file or directory
ALSA lib pcm.c:2721:(snd_pcm_open_noupdate) Unknown PCM default
ERROR: Condition "status < 0" is true. Returning: ERR_CANT_OPEN
   at: init_output_device (drivers/alsa/audio_driver_alsa.cpp:97)
WARNING: All audio drivers failed, falling back to the dummy driver.
     at: initialize (servers/audio/audio_server.cpp:258)

PROBE t=0.4 pos=-2.90,0.00,-0.16 input=0.00,0.00
PROBE t=0.9 pos=-1.28,0.00,-0.30 input=0.00,0.00
PROBE t=1.3 pos=0.01,0.00,-0.37 input=0.00,0.00
PROBE t=1.7 pos=1.42,0.00,-0.44 input=0.00,0.00
PROBE t=2.1 pos=2.98,0.00,-0.53 input=0.00,0.00
PROBE t=2.7 pos=5.20,0.00,-0.69 input=0.00,0.00
PROBE t=3.2 pos=5.47,0.00,-0.69 input=0.00,0.00
PROBE t=3.6 pos=5.69,0.00,-0.67 input=0.00,0.00
PROBE t=4.0 pos=5.89,0.00,-0.62 input=0.00,0.00
PROBE t=4.5 pos=6.14,0.00,-0.52 input=0.00,0.00
PROBE t=4.9 pos=6.39,0.00,-0.39 input=0.00,0.00
PROBE t=5.3 pos=6.63,0.00,-0.26 input=0.00,0.00
PROBE t=5.9 pos=6.86,0.00,-0.11 input=0.00,0.00
PROBE t=6.4 pos=7.09,0.00,0.05 input=0.00,0.00
PROBE t=6.9 pos=7.31,0.00,0.22 input=0.00,0.00
PROBE t=7.5 pos=8.24,0.00,1.01 input=0.00,0.00
PROBE t=8.0 pos=9.47,0.00,2.08 input=0.00,0.00
PROBE t=8.4 pos=9.87,0.00,2.08 input=0.00,0.00
PROBE t=8.8 pos=9.99,0.00,2.08 input=0.00,0.00
PROBE t=9.3 pos=11.63,0.00,2.74 input=0.04,1.00
PROBE t=9.8 pos=13.75,0.00,8.81 input=-0.11,0.99
PROBE t=10.3 pos=16.52,0.00,14.13 input=-0.07,1.00
PROBE t=10.8 pos=20.24,0.00,18.03 input=0.09,1.00
PROBE t=11.2 pos=24.49,0.00,20.35 input=0.31,0.95
PROBE t=11.6 pos=29.04,0.00,21.10 input=0.55,0.83
PROBE t=12.1 pos=32.85,0.00,20.22 input=0.00,0.00
PROBE t=12.6 pos=32.97,0.00,19.76 input=0.00,0.00
PROBE t=13.1 pos=31.69,0.00,18.12 input=-0.98,0.22
PROBE t=13.7 pos=32.18,1.05,16.38 input=-0.82,0.57
PROBE t=14.1 pos=34.74,0.00,16.44 input=-0.61,0.79
PROBE t=14.5 pos=36.32,0.00,16.48 input=-0.36,0.93
PROBE t=15.0 pos=37.53,0.00,16.50 input=0.00,0.00
