    3.35  SMASH      bricks=10
    4.14  SMASH      bricks=10
    4.14  TUMBLE     -0 studs
    4.95  SMASH      bricks=6
    4.95  RAM        bricks=6 force=81
    5.22  RAM        bricks=9 force=13
    5.22  RAM        bricks=10 force=41
    5.34  RAM        bricks=10 force=28
    6.53  STUD       +30 total=30
    6.53  STUD       +30 total=60
    6.53  STUD       +30 total=90
    6.67  STUD       +30 total=120
    6.67  STUD       +30 total=150
    6.67  STUD       +30 total=180
    6.67  STUD       +30 total=210
    6.67  STUD       +30 total=240
    6.67  STUD       +30 total=270
    6.67  STUD       +30 total=300
    6.67  STUD       +30 total=330
    6.67  STUD       +30 total=360
    6.80  STUD       +30 total=390
    6.80  STUD       +30 total=420
    6.80  STUD       +30 total=450
    6.80  STUD       +30 total=480
    6.80  STUD       +30 total=510
    6.80  STUD       +30 total=540
    6.95  PHASE      BUILD unlocked at 540 studs
    6.95  STUD       +30 total=570
    7.73  STUD       +30 total=600
    8.54  STUD       +30 total=630
    8.54  STUD       +30 total=660
    8.54  STUD       +30 total=690
    8.54  STUD       +30 total=720
    8.54  STUD       +30 total=750
    8.54  STUD       +30 total=780
    8.54  STUD       +30 total=810
    8.54  STUD       +30 total=840
    8.54  STUD       +30 total=870
    8.54  STUD       +30 total=900
    8.54  STUD       +30 total=930
    8.54  STUD       +30 total=960
    8.54  STUD       +30 total=990
    8.54  STUD       +30 total=1020
    8.54  STUD       +30 total=1050
    8.54  STUD       +30 total=1080
    8.54  STUD       +30 total=1110
    8.54  STUD       +30 total=1140
    8.54  STUD       +30 total=1170
    8.54  STUD       +30 total=1200
    8.54  STUD       +30 total=1230
    8.54  STUD       +30 total=1260
    8.54  STUD       +30 total=1290
    8.54  STUD       +30 total=1320
    8.54  STUD       +30 total=1350
    8.54  STUD       +30 total=1380
    8.54  STUD       +30 total=1410
    8.54  RATING     TRUE CHASER at 1410
    8.54  STUD       +30 total=1440
    8.54  STUD       +30 total=1470
   10.54  STUD       +20 total=1490
   10.54  STUD       +20 total=1510
   10.54  STUD       +20 total=1530
   11.34  SMASH      bricks=3
   12.01  STUD       +30 total=1560
   14.01  STUD       +20 total=1580
   14.01  STUD       +20 total=1600
   14.01  STUD       +20 total=1620
   14.41  STUD       +20 total=1640
   14.41  STUD       +20 total=1660
   14.94  STUD       +20 total=1680
   15.20  STUD       +20 total=1700
   15.35  STUD       +20 total=1720
   16.68  STUD       +30 total=1750
   16.68  STUD       +30 total=1780
   17.07  STUD       +20 total=1800
   17.07  STUD       +20 total=1820
   18.27  STUD       +30 total=1850
   18.27  STUD       +30 total=1880
   18.27  STUD       +30 total=1910
   18.67  STUD       +30 total=1940
   19.35  STUD       +30 total=1970
   21.34  RAM        bricks=6 force=6
   22.14  STUD       +20 total=1990
   22.67  STUD       +30 total=2020
   23.08  STUD       +30 total=2050
   23.21  STUD       +30 total=2080
   23.21  STUD       +30 total=2110
   23.47  GAG        cow airborne
   24.55  GAG        cow airborne
   25.33  STUD       +30 total=2140
   25.87  GAG        cow airborne
   26.27  STUD       +20 total=2160
   26.27  STUD       +20 total=2180
   26.67  STUD       +20 total=2200
   26.80  STUD       +20 total=2220
   27.07  STUD       +20 total=2240
   28.41  STUD       +20 total=2260
   28.41  STUD       +20 total=2280
   28.94  STUD       +20 total=2300
   29.60  STUD       +20 total=2320
   29.60  STUD       +20 total=2340
   29.60  STUD       +20 total=2360
   29.60  STUD       +20 total=2380
   33.07  TUMBLE     -476 studs
   36.00  STUD       +30 total=1934
   36.00  STUD       +30 total=1964
   36.14  STUD       +30 total=1994
   38.27  STUD       +30 total=2024
   42.02  STUD       +30 total=2054
   42.02  STUD       +30 total=2084
   42.02  STUD       +30 total=2114
   42.02  STUD       +30 total=2144
   42.02  STUD       +30 total=2174
   42.02  STUD       +30 total=2204
   50.67  TUMBLE     -440 studs
   53.62  STUD       +20 total=1784
   53.75  STUD       +20 total=1804
   54.01  STUD       +20 total=1824
   54.14  STUD       +20 total=1844
   54.14  STUD       +20 total=1864
   54.14  STUD       +20 total=1884
   54.14  STUD       +20 total=1904
   54.42  STUD       +20 total=1924
   54.42  STUD       +20 total=1944
   54.42  STUD       +20 total=1964
   54.42  STUD       +20 total=1984
   55.20  STUD       +30 total=2014
   56.67  STUD       +30 total=2044
   56.94  STUD       +30 total=2074
   58.15  STUD       +30 total=2104
   59.08  STUD       +50 total=2154
   59.48  STUD       +50 total=2204
   59.48  STUD       +50 total=2254
   59.61  STUD       +50 total=2304
   59.75  STUD       +50 total=2354
   59.88  RAM        bricks=4 force=9
   60.95  SMASH      bricks=1
   61.75  SMASH      bricks=4
   70.00  STUD       +20 total=2374
   70.14  STUD       +20 total=2394
   71.35  STUD       +20 total=2414
   71.35  STUD       +20 total=2434
   71.48  STUD       +20 total=2454
   71.60  STUD       +20 total=2474
   72.28  STUD       +30 total=2504
   72.42  STUD       +30 total=2534
   72.94  STUD       +20 total=2554
   72.94  STUD       +20 total=2574
   73.08  STUD       +20 total=2594
   73.08  STUD       +20 total=2614
   73.48  STUD       +20 total=2634
   73.61  STUD       +20 total=2654
   73.61  STUD       +20 total=2674
   73.61  STUD       +20 total=2694
   73.61  STUD       +20 total=2714
   73.74  STUD       +20 total=2734
   73.74  STUD       +20 total=2754
   73.74  STUD       +20 total=2774
   73.74  STUD       +20 total=2794
   73.74  STUD       +20 total=2814
   73.74  STUD       +20 total=2834
   73.74  STUD       +20 total=2854
   73.74  STUD       +20 total=2874
   73.74  STUD       +20 total=2894
   73.74  STUD       +20 total=2914
   73.74  STUD       +20 total=2934
   74.00  STUD       +20 total=2954
   74.00  STUD       +20 total=2974
   74.00  STUD       +20 total=2994
   74.00  STUD       +20 total=3014
   74.00  STUD       +20 total=3034
   74.00  STUD       +20 total=3054
   74.27  STUD       +20 total=3074
   74.27  STUD       +20 total=3094
   74.27  STUD       +20 total=3114
   74.27  STUD       +20 total=3134
   74.27  STUD       +20 total=3154
   74.27  STUD       +20 total=3174
   74.27  STUD       +20 total=3194
   74.27  STUD       +20 total=3214
   74.27  STUD       +20 total=3234
   74.27  STUD       +20 total=3254
   74.27  STUD       +20 total=3274
   74.27  STUD       +20 total=3294
   74.27  STUD       +20 total=3314
   74.27  STUD       +20 total=3334
   74.27  STUD       +20 total=3354
   74.27  STUD       +20 total=3374
   74.42  STUD       +20 total=3394
   74.42  STUD       +20 total=3414
   74.42  STUD       +20 total=3434
   74.42  STUD       +20 total=3454
   74.42  STUD       +20 total=3474
   74.68  STUD       +20 total=3494
   74.68  STUD       +20 total=3514
   74.68  STUD       +20 total=3534
   74.68  STUD       +20 total=3554
   74.68  STUD       +20 total=3574
   74.68  STUD       +20 total=3594
   74.68  STUD       +20 total=3614
   74.68  STUD       +20 total=3634
   74.68  STUD       +20 total=3654
   74.68  STUD       +20 total=3674
   74.68  STUD       +20 total=3694
   74.68  STUD       +20 total=3714
   74.68  STUD       +20 total=3734
   74.81  STUD       +20 total=3754
   74.81  STUD       +20 total=3774
   74.81  STUD       +20 total=3794
   74.81  STUD       +20 total=3814
   74.81  STUD       +20 total=3834
   75.07  STUD       +20 total=3854
   75.07  STUD       +20 total=3874
   75.07  STUD       +20 total=3894
   75.07  STUD       +20 total=3914
   75.07  STUD       +20 total=3934
   75.07  STUD       +20 total=3954
   75.07  STUD       +20 total=3974
   75.07  STUD       +20 total=3994
   75.07  STUD       +20 total=4014
   75.07  STUD       +20 total=4034
   75.20  STUD       +20 total=4054
   75.20  STUD       +20 total=4074
   75.20  STUD       +20 total=4094
   75.20  STUD       +20 total=4114
   75.48  STUD       +20 total=4134
   75.48  STUD       +20 total=4154
   75.48  STUD       +20 total=4174
   75.48  STUD       +20 total=4194
   75.48  STUD       +20 total=4214
   75.48  STUD       +20 total=4234
   75.48  STUD       +20 total=4254
   75.62  STUD       +20 total=4274
   75.62  STUD       +20 total=4294
   75.62  STUD       +20 total=4314
   75.62  STUD       +20 total=4334
   75.62  STUD       +20 total=4354
   75.62  STUD       +20 total=4374
   75.62  STUD       +20 total=4394
   75.62  STUD       +20 total=4414
   75.62  STUD       +20 total=4434
   75.88  STUD       +20 total=4454
   75.88  STUD       +20 total=4474
   75.88  STUD       +20 total=4494
   75.88  STUD       +20 total=4514
   75.88  STUD       +20 total=4534
   76.15  STUD       +20 total=4554
   76.15  STUD       +20 total=4574
   76.28  STUD       +20 total=4594
   76.40  STUD       +20 total=4614
   76.40  STUD       +20 total=4634
   76.40  STUD       +20 total=4654
   76.40  STUD       +20 total=4674
   76.55  RAM        bricks=4 force=15
   76.67  STUD       +30 total=4704
   76.67  STUD       +30 total=4734
   76.67  STUD       +30 total=4764
   76.95  STUD       +30 total=4794
   77.08  STUD       +30 total=4824
   77.35  STUD       +30 total=4854
   77.88  STUD       +30 total=4884
   81.21  RAM        bricks=3 force=5
   83.34  STUD       +20 total=4904
   83.34  STUD       +20 total=4924
   83.34  STUD       +20 total=4944
   83.34  STUD       +20 total=4964
   83.34  STUD       +20 total=4984
   83.34  STUD       +20 total=5004
   83.34  STUD       +20 total=5024
   83.34  STUD       +20 total=5044
   83.34  STUD       +20 total=5064
   83.34  STUD       +20 total=5084
   83.34  STUD       +20 total=5104
   83.34  STUD       +20 total=5124
   83.34  STUD       +20 total=5144
   83.34  STUD       +20 total=5164
   83.34  STUD       +20 total=5184
   83.34  STUD       +20 total=5204
   83.34  STUD       +20 total=5224
   83.34  STUD       +20 total=5244
   83.34  STUD       +20 total=5264
   83.34  STUD       +20 total=5284
   83.34  STUD       +20 total=5304
   83.34  STUD       +20 total=5324
   83.34  STUD       +20 total=5344
   83.34  STUD       +20 total=5364
   83.34  STUD       +20 total=5384
   83.34  STUD       +20 total=5404
   83.34  STUD       +20 total=5424
   83.34  STUD       +20 total=5444
   83.34  STUD       +20 total=5464
   83.34  STUD       +20 total=5484
   83.34  STUD       +20 total=5504
   83.34  STUD       +20 total=5524
   83.34  STUD       +20 total=5544
   83.34  STUD       +20 total=5564
   83.34  STUD       +20 total=5584
   83.34  STUD       +20 total=5604
   83.34  STUD       +20 total=5624
   83.34  STUD       +20 total=5644
   83.34  STUD       +20 total=5664
   83.34  STUD       +20 total=5684
   83.34  STUD       +20 total=5704
   83.34  STUD       +20 total=5724
   83.34  STUD       +20 total=5744
   83.34  STUD       +20 total=5764
   83.34  STUD       +20 total=5784
   83.34  STUD       +20 total=5804
   83.34  STUD       +20 total=5824
   83.34  STUD       +20 total=5844
   83.34  STUD       +20 total=5864
   83.34  STUD       +20 total=5884
   83.34  STUD       +20 total=5904
   83.34  STUD       +20 total=5924
   83.34  STUD       +20 total=5944
   87.61  STUD       +20 total=5964
   87.61  STUD       +20 total=5984
   88.94  STUD       +20 total=6004
  103.20  TUMBLE     -1200 studs
  105.61  STUD       +20 total=4824
  105.74  STUD       +20 total=4844
  105.74  STUD       +20 total=4864
  105.74  STUD       +20 total=4884
  106.27  STUD       +20 total=4904
  106.27  STUD       +20 total=4924
  106.27  STUD       +20 total=4944
  106.81  STUD       +20 total=4964
  106.81  STUD       +20 total=4984
  107.07  STUD       +20 total=5004
  107.07  STUD       +20 total=5024
  107.20  STUD       +20 total=5044
  107.20  STUD       +20 total=5064
  107.20  STUD       +20 total=5084
  107.34  SMASH      bricks=1
  107.48  STUD       +20 total=5104
  107.48  STUD       +20 total=5124
  107.48  STUD       +20 total=5144
  107.61  STUD       +20 total=5164
  107.61  STUD       +20 total=5184
  107.74  STUD       +20 total=5204
  107.74  STUD       +20 total=5224
  108.00  STUD       +20 total=5244
  108.14  STUD       +20 total=5264
  108.81  STUD       +30 total=5294
  109.74  STUD       +30 total=5324
  109.74  STUD       +30 total=5354
  110.68  STUD       +30 total=5384
  111.34  STUD       +20 total=5404
  111.34  STUD       +20 total=5424
  111.34  STUD       +20 total=5444
  112.00  STUD       +20 total=5464
  112.00  STUD       +20 total=5484
  112.00  STUD       +20 total=5504
  112.27  STUD       +20 total=5524
  112.41  STUD       +20 total=5544
  112.41  STUD       +20 total=5564
  112.81  STUD       +20 total=5584
  112.81  STUD       +20 total=5604
  112.81  STUD       +20 total=5624
  112.81  STUD       +20 total=5644
  112.95  STUD       +20 total=5664
  112.95  STUD       +20 total=5684
  113.47  STUD       +20 total=5704
  113.47  STUD       +20 total=5724
  113.47  STUD       +20 total=5744
  113.47  STUD       +20 total=5764
  113.47  STUD       +20 total=5784
  113.47  STUD       +20 total=5804
  113.74  STUD       +20 total=5824
  115.75  STUD       +30 total=5854
  120.15  STUD       +20 total=5874
  120.15  STUD       +20 total=5894
  120.15  STUD       +20 total=5914
  120.15  STUD       +20 total=5934
  120.15  STUD       +20 total=5954
  120.15  STUD       +20 total=5974
  123.74  STUD       +30 total=6004
  129.61  STUD       +30 total=6034
  131.35  TUMBLE     -1206 studs
  134.27  STUD       +30 total=4858
  134.27  STUD       +30 total=4888
  134.27  STUD       +30 total=4918
  134.27  STUD       +30 total=4948
  134.55  STUD       +30 total=4978
  138.27  STUD       +20 total=4998
  138.27  STUD       +20 total=5018
  138.27  STUD       +20 total=5038
  138.27  STUD       +20 total=5058
  138.27  STUD       +20 total=5078
  138.27  STUD       +20 total=5098
  138.27  STUD       +20 total=5118
  138.67  STUD       +20 total=5138
  138.95  STUD       +30 total=5168
  140.68  STUD       +30 total=5198
  147.91  TUMBLE     -1039 studs
---- summary ----
duration        150.1 s
final score     4159
bricks torn     507
phase reached   1
true chaser     true
SMASH           7  (2.8/min)
TUMBLE          6  (2.4/min)
RAM             8  (3.2/min)
STUD            369  (147.5/min)
PHASE           1  (0.4/min)
RATING          1  (0.4/min)
GAG             3  (1.2/min)
longest silence 14.3 s  (starting t=88.9)
